[2026-06-02 03:32:54] ======================================================================
[2026-06-02 03:32:54] OVERNIGHT OTA SOAK START  base_version=6.1.652
[2026-06-02 03:32:54]   STOP file to halt: /Users/MattTaylor/Documents/Arduino/HALOMAIN_rev1p5_modular/automation/overnight_STOP
[2026-06-02 03:32:54] ======================================================================
[2026-06-02 03:32:54] --- CYCLE 1  target=6.1.653 (prev_published=6.1.652) ---
[2026-06-02 03:32:54]   publish 6.1.653 ...
[2026-06-02 03:34:49]   publish done sense_manifest=6.1.653 lcd_manifest=6.1.653 ok=True
[2026-06-02 03:35:06]   trigger: injected INPUT_OTA_CHECK x3 (reason=overnight_c1)
[2026-06-02 03:35:06]   CYCLE 1 triggered; polling cloud for Sense->6.1.653
[2026-06-02 03:39:55]   CYCLE 1 Sense reached 6.1.653; reading LCD ground truth
[2026-06-02 03:40:13]   CYCLE 1 ✅ PASS  LCD=6.1.653 part=app0 state=None  (438s)  [pass=1 fail=0]
[2026-06-02 03:40:13] --- CYCLE 2  target=6.1.654 (prev_published=6.1.653) ---
[2026-06-02 03:40:13]   publish 6.1.654 ...
[2026-06-02 03:42:05]   publish done sense_manifest=6.1.654 lcd_manifest=6.1.654 ok=True
[2026-06-02 03:42:22]   trigger: injected INPUT_OTA_CHECK x3 (reason=overnight_c2)
[2026-06-02 03:42:22]   CYCLE 2 triggered; polling cloud for Sense->6.1.654
[2026-06-02 03:47:11]   CYCLE 2 Sense reached 6.1.654; reading LCD ground truth
[2026-06-02 03:47:29]   CYCLE 2 ✅ PASS  LCD=6.1.654 part=app1 state=None  (436s)  [pass=2 fail=0]
[2026-06-02 03:47:30] --- CYCLE 3  target=6.1.655 (prev_published=6.1.654) ---
[2026-06-02 03:47:30]   publish 6.1.655 ...
[2026-06-02 03:49:22]   publish done sense_manifest=6.1.655 lcd_manifest=6.1.655 ok=True
[2026-06-02 03:49:38]   trigger: injected INPUT_OTA_CHECK x3 (reason=overnight_c3)
[2026-06-02 03:49:38]   CYCLE 3 triggered; polling cloud for Sense->6.1.655
[2026-06-02 03:54:28]   CYCLE 3 Sense reached 6.1.655; reading LCD ground truth
[2026-06-02 03:54:46]   CYCLE 3 ✅ PASS  LCD=6.1.655 part=None state=None  (436s)  [pass=3 fail=0]
[2026-06-02 03:54:46] --- CYCLE 4  target=6.1.656 (prev_published=6.1.655) ---
[2026-06-02 03:54:46]   publish 6.1.656 ...
[2026-06-02 03:56:40]   publish done sense_manifest=6.1.656 lcd_manifest=6.1.656 ok=True
[2026-06-02 03:56:57]   trigger: injected INPUT_OTA_CHECK x3 (reason=overnight_c4)
[2026-06-02 03:56:57]   CYCLE 4 triggered; polling cloud for Sense->6.1.656
[2026-06-02 04:01:46]   CYCLE 4 Sense reached 6.1.656; reading LCD ground truth
[2026-06-02 04:02:04]   CYCLE 4 ✅ PASS  LCD=6.1.656 part=None state=None  (437s)  [pass=4 fail=0]
[2026-06-02 04:02:04] --- CYCLE 5  target=6.1.657 (prev_published=6.1.656) ---
[2026-06-02 04:02:04]   publish 6.1.657 ...
[2026-06-02 04:03:55]   publish done sense_manifest=6.1.657 lcd_manifest=6.1.657 ok=True
[2026-06-02 04:04:12]   trigger: injected INPUT_OTA_CHECK x3 (reason=overnight_c5)
[2026-06-02 04:04:12]   CYCLE 5 triggered; polling cloud for Sense->6.1.657
[2026-06-02 04:09:21]   CYCLE 5 Sense reached 6.1.657; reading LCD ground truth
[2026-06-02 04:09:40]   CYCLE 5 ✅ PASS  LCD=6.1.657 part=app0 state=None  (455s)  [pass=5 fail=0]
[2026-06-02 04:09:40] --- CYCLE 6  target=6.1.658 (prev_published=6.1.657) ---
[2026-06-02 04:09:40]   publish 6.1.658 ...
[2026-06-02 04:11:32]   publish done sense_manifest=6.1.658 lcd_manifest=6.1.658 ok=True
[2026-06-02 04:11:49]   trigger: injected INPUT_OTA_CHECK x3 (reason=overnight_c6)
[2026-06-02 04:11:49]   CYCLE 6 triggered; polling cloud for Sense->6.1.658
[2026-06-02 04:16:37]   CYCLE 6 Sense reached 6.1.658; reading LCD ground truth
[2026-06-02 04:16:56]   CYCLE 6 ✅ PASS  LCD=6.1.658 part=app1 state=VALID  (436s)  [pass=6 fail=0]
[2026-06-02 04:16:56] --- CYCLE 7  target=6.1.659 (prev_published=6.1.658) ---
[2026-06-02 04:16:56]   publish 6.1.659 ...
[2026-06-02 04:18:47]   publish done sense_manifest=6.1.659 lcd_manifest=6.1.659 ok=True
[2026-06-02 04:19:04]   trigger: injected INPUT_OTA_CHECK x3 (reason=overnight_c7)
[2026-06-02 04:19:04]   CYCLE 7 triggered; polling cloud for Sense->6.1.659
[2026-06-02 04:20:27]   CYCLE 7 Sense reached 6.1.659; reading LCD ground truth
[2026-06-02 04:21:06]   CYCLE 7 ❌ FAIL  LCD={'version': '6.1.658', 'part': 'app1', 'state': 'VALID', 'raw': '[FW] {"lcd_fw":"6.1.658","running_part":"app1","running_state":"VALID","boot_part":"app1","next_part":"app0"}'}  (232s)  [pass=6 fail=1]
[2026-06-02 04:21:06]   breadcrumbs: [0] [pending] {"seq":88,"area":"ota_orch","code":0,"detail":"sense_apply_start ver=6.1.659 lcd_due=1 t=23424 | heap=7698K rssi=-58 op=idle fg=0 http=0 upl_q=0 boot=1","up":23446,"boot":1} || [1] [pending] {"seq":87,"area":"ota_orch","code":0,"detail":"lcd_proxy_done res=timeout t=23397 | heap=7700K rssi=-58 op=idle fg=0 http=0 upl_q=0 boot=1","up":23419,"boot":1} || [2] [pending] {"seq":86,"area":"ota_orch","code":0,"detail":"lcd_proxy_start ver=6.1.659 t=13336 | heap=7700K rssi=-57 op=idle fg=0 http=0 upl_q=0 boot=1","up":13358,"boot":1} || [3] [pending] {"seq":85,"area":"ota_orch","code":0,"detail":"lcd_query_ok lcd_fw=6.1.658 t=13305 | heap=7698K rssi=-57 op=idle fg=0 http=0 upl_q=0 boot=1","up":13327,"boot":1} || [4] [pending] {"seq":84,"area":"ota_orch","code":0,"detail":"lcd_query_tx t=10060 link_recent=0 | heap=7700K rssi=-58 op=idle fg=0 http=0 upl_q=0 boot=1","up":10082,"boot":1} || [5] [pending] {"seq":83,"area":"ota_orch","code":0,"detail":"reason=mqtt_cmd manual=1 t=9050 | heap=7681K rssi=-57 op=idle fg=0 http=0 upl_q=0 boot=1","up":9071,"boot":1} || [6] [pending] {"seq":82,"area":"ota_orch","code":0,"detail":"sense_apply_start ver=6.1.658 lcd_due=0 t=250202 | heap=7701K rssi=-58 op=idle fg=0 http=0 upl_q=0 boot=1","up":250225,"boot":1} || [7] [pending] {"seq":81,"area":"ota_orch","code":0,"detail":"lcd_proxy_done res=success t=250161 | heap=7701K rssi=-58 op=idle fg=0 http=0 upl_q=0 boot=1","up":250183,"boot":1}
[2026-06-02 04:21:06] --- CYCLE 8  target=6.1.660 (prev_published=6.1.659) ---
[2026-06-02 04:21:06]   publish 6.1.660 ...
[2026-06-02 04:23:08]   publish done sense_manifest=6.1.660 lcd_manifest=6.1.660 ok=True
[2026-06-02 04:23:25]   trigger: injected INPUT_OTA_CHECK x3 (reason=overnight_c8)
[2026-06-02 04:23:25]   CYCLE 8 triggered; polling cloud for Sense->6.1.660
[2026-06-02 04:28:13]   CYCLE 8 Sense reached 6.1.660; reading LCD ground truth
[2026-06-02 04:28:31]   CYCLE 8 ✅ PASS  LCD=6.1.660 part=app0 state=VALID  (445s)  [pass=7 fail=1]
[2026-06-02 04:28:31] --- CYCLE 9  target=6.1.661 (prev_published=6.1.660) ---
[2026-06-02 04:28:31]   publish 6.1.661 ...
[2026-06-02 04:30:21]   publish done sense_manifest=6.1.661 lcd_manifest=6.1.661 ok=True
[2026-06-02 04:30:38]   trigger: injected INPUT_OTA_CHECK x3 (reason=overnight_c9)
[2026-06-02 04:30:38]   CYCLE 9 triggered; polling cloud for Sense->6.1.661
[2026-06-02 04:35:27]   CYCLE 9 Sense reached 6.1.661; reading LCD ground truth
[2026-06-02 04:35:47]   CYCLE 9 ✅ PASS  LCD=6.1.661 part=app1 state=None  (435s)  [pass=8 fail=1]
[2026-06-02 04:35:47] --- CYCLE 10  target=6.1.662 (prev_published=6.1.661) ---
[2026-06-02 04:35:47]   publish 6.1.662 ...
[2026-06-02 04:37:39]   publish done sense_manifest=6.1.662 lcd_manifest=6.1.662 ok=True
[2026-06-02 04:37:55]   trigger: injected INPUT_OTA_CHECK x3 (reason=overnight_c10)
[2026-06-02 04:37:55]   CYCLE 10 triggered; polling cloud for Sense->6.1.662
[2026-06-02 04:42:44]   CYCLE 10 Sense reached 6.1.662; reading LCD ground truth
[2026-06-02 04:43:04]   CYCLE 10 ✅ PASS  LCD=6.1.662 part=None state=None  (436s)  [pass=9 fail=1]
[2026-06-02 04:43:04] --- CYCLE 11  target=6.1.663 (prev_published=6.1.662) ---
[2026-06-02 04:43:04]   publish 6.1.663 ...
[2026-06-02 04:44:55]   publish done sense_manifest=6.1.663 lcd_manifest=6.1.663 ok=True
[2026-06-02 04:45:12]   trigger: injected INPUT_OTA_CHECK x3 (reason=overnight_c11)
[2026-06-02 04:45:12]   CYCLE 11 triggered; polling cloud for Sense->6.1.663
[2026-06-02 04:50:01]   CYCLE 11 Sense reached 6.1.663; reading LCD ground truth
[2026-06-02 04:50:19]   CYCLE 11 ✅ PASS  LCD=6.1.663 part=app1 state=VALID  (435s)  [pass=10 fail=1]
[2026-06-02 04:50:19] --- CYCLE 12  target=6.1.664 (prev_published=6.1.663) ---
[2026-06-02 04:50:19]   publish 6.1.664 ...
[2026-06-02 04:52:11]   publish done sense_manifest=6.1.664 lcd_manifest=6.1.664 ok=True
[2026-06-02 04:52:28]   trigger: injected INPUT_OTA_CHECK x3 (reason=overnight_c12)
[2026-06-02 04:52:28]   CYCLE 12 triggered; polling cloud for Sense->6.1.664
[2026-06-02 04:53:50]   CYCLE 12 Sense reached 6.1.664; reading LCD ground truth
[2026-06-02 04:54:30]   CYCLE 12 ❌ FAIL  LCD={'version': '6.1.663', 'part': None, 'state': None, 'raw': '[FW] {"lcd_fw":"6.1.663"VALID","boot_part":"app1","next_part":"app0"}'}  (232s)  [pass=10 fail=2]
[2026-06-02 04:54:30]   breadcrumbs: [0] [pending] {"seq":118,"area":"ota_orch","code":0,"detail":"sense_apply_start ver=6.1.664 lcd_due=1 t=21141 | heap=7700K rssi=-56 op=idle fg=0 http=0 upl_q=0 boot=1","up":21163,"boot":1} || [1] [pending] {"seq":117,"area":"ota_orch","code":0,"detail":"lcd_proxy_done res=timeout t=21114 | heap=7698K rssi=-56 op=idle fg=0 http=0 upl_q=0 boot=1","up":21135,"boot":1} || [2] [pending] {"seq":116,"area":"ota_orch","code":0,"detail":"lcd_proxy_start ver=6.1.664 t=10898 | heap=7700K rssi=-59 op=idle fg=0 http=0 upl_q=0 boot=1","up":10920,"boot":1} || [3] [pending] {"seq":115,"area":"ota_orch","code":0,"detail":"lcd_query_ok lcd_fw=6.1.663 t=10867 | heap=7697K rssi=-59 op=idle fg=0 http=0 upl_q=0 boot=1","up":10889,"boot":1} || [4] [pending] {"seq":114,"area":"ota_orch","code":0,"detail":"lcd_query_tx t=9993 link_recent=0 | heap=7698K rssi=-57 op=idle fg=0 http=0 upl_q=0 boot=1","up":10014,"boot":1} || [5] [pending] {"seq":113,"area":"ota_orch","code":0,"detail":"reason=mqtt_cmd manual=1 t=8993 | heap=7681K rssi=-58 op=idle fg=0 http=0 upl_q=0 boot=1","up":9014,"boot":1} || [6] [pending] {"seq":112,"area":"ota_orch","code":0,"detail":"sense_apply_start ver=6.1.663 lcd_due=0 t=252699 | heap=7701K rssi=-56 op=idle fg=0 http=0 upl_q=0 boot=1","up":252721,"boot":1} || [7] [pending] {"seq":111,"area":"ota_orch","code":0,"detail":"lcd_proxy_done res=success t=252608 | heap=7698K rssi=-56 op=idle fg=0 http=0 upl_q=0 boot=1","up":252630,"boot":1}
[2026-06-02 04:54:30] --- CYCLE 13  target=6.1.665 (prev_published=6.1.664) ---
[2026-06-02 04:54:30]   publish 6.1.665 ...
[2026-06-02 04:56:06]   publish done sense_manifest=6.1.665 lcd_manifest=6.1.665 ok=True
[2026-06-02 04:56:23]   trigger: injected INPUT_OTA_CHECK x3 (reason=overnight_c13)
[2026-06-02 04:56:23]   CYCLE 13 triggered; polling cloud for Sense->6.1.665
[2026-06-02 05:01:12]   CYCLE 13 Sense reached 6.1.665; reading LCD ground truth
[2026-06-02 05:01:30]   CYCLE 13 ✅ PASS  LCD=6.1.665 part=VALID state=None  (420s)  [pass=11 fail=2]
[2026-06-02 05:01:30] --- CYCLE 14  target=6.1.666 (prev_published=6.1.665) ---
[2026-06-02 05:01:30]   publish 6.1.666 ...
[2026-06-02 05:03:20]   publish done sense_manifest=6.1.666 lcd_manifest=6.1.666 ok=True
[2026-06-02 05:03:37]   trigger: injected INPUT_OTA_CHECK x3 (reason=overnight_c14)
[2026-06-02 05:03:37]   CYCLE 14 triggered; polling cloud for Sense->6.1.666
[2026-06-02 05:08:26]   CYCLE 14 Sense reached 6.1.666; reading LCD ground truth
[2026-06-02 05:08:46]   CYCLE 14 ✅ PASS  LCD=6.1.666 part=app1 state=None  (435s)  [pass=12 fail=2]
[2026-06-02 05:08:46] --- CYCLE 15  target=6.1.667 (prev_published=6.1.666) ---
[2026-06-02 05:08:46]   publish 6.1.667 ...
[2026-06-02 05:10:39]   publish done sense_manifest=6.1.667 lcd_manifest=6.1.667 ok=True
[2026-06-02 05:10:56]   trigger: injected INPUT_OTA_CHECK x3 (reason=overnight_c15)
[2026-06-02 05:10:56]   CYCLE 15 triggered; polling cloud for Sense->6.1.667
[2026-06-02 05:15:44]   CYCLE 15 Sense reached 6.1.667; reading LCD ground truth
[2026-06-02 05:16:03]   CYCLE 15 ✅ PASS  LCD=6.1.667 part=apVALID state=None  (436s)  [pass=13 fail=2]
[2026-06-02 05:16:03] --- CYCLE 16  target=6.1.668 (prev_published=6.1.667) ---
[2026-06-02 05:16:03]   publish 6.1.668 ...
[2026-06-02 05:17:55]   publish done sense_manifest=6.1.668 lcd_manifest=6.1.668 ok=True
[2026-06-02 05:18:11]   trigger: injected INPUT_OTA_CHECK x3 (reason=overnight_c16)
[2026-06-02 05:18:11]   CYCLE 16 triggered; polling cloud for Sense->6.1.668
[2026-06-02 05:23:00]   CYCLE 16 Sense reached 6.1.668; reading LCD ground truth
[2026-06-02 05:23:19]   CYCLE 16 ✅ PASS  LCD=6.1.668 part=app1 state=None  (435s)  [pass=14 fail=2]
[2026-06-02 05:23:19] --- CYCLE 17  target=6.1.669 (prev_published=6.1.668) ---
[2026-06-02 05:23:19]   publish 6.1.669 ...
[2026-06-02 05:25:09]   publish done sense_manifest=6.1.669 lcd_manifest=6.1.669 ok=True
[2026-06-02 05:25:26]   trigger: injected INPUT_OTA_CHECK x3 (reason=overnight_c17)
[2026-06-02 05:25:26]   CYCLE 17 triggered; polling cloud for Sense->6.1.669
[2026-06-02 05:30:15]   CYCLE 17 Sense reached 6.1.669; reading LCD ground truth
[2026-06-02 05:30:34]   CYCLE 17 ✅ PASS  LCD=6.1.669 part=app0 state=VALID  (434s)  [pass=15 fail=2]
[2026-06-02 05:30:34] --- CYCLE 18  target=6.1.670 (prev_published=6.1.669) ---
[2026-06-02 05:30:34]   publish 6.1.670 ...
[2026-06-02 05:32:39]   publish done sense_manifest=6.1.670 lcd_manifest=6.1.670 ok=True
[2026-06-02 05:32:56]   trigger: injected INPUT_OTA_CHECK x3 (reason=overnight_c18)
[2026-06-02 05:32:56]   CYCLE 18 triggered; polling cloud for Sense->6.1.670
[2026-06-02 05:37:45]   CYCLE 18 Sense reached 6.1.670; reading LCD ground truth
[2026-06-02 05:38:23]   CYCLE 18 ❌ FAIL  LCD={'version': '6.1.6VALID', 'part': None, 'state': None, 'raw': '[FW] {"lcd_fw":"6.1.6VALID","boot_part":"app1","next_part":"app0"}'}  (451s)  [pass=15 fail=3]
[2026-06-02 05:38:23]   breadcrumbs: [0] [pending] {"seq":154,"area":"ota_orch","code":0,"detail":"sense_apply_start ver=6.1.670 lcd_due=0 t=251027 | heap=7701K rssi=-57 op=idle fg=0 http=0 upl_q=0 boot=1","up":251049,"boot":1} || [1] [pending] {"seq":153,"area":"ota_orch","code":0,"detail":"lcd_proxy_done res=success t=250985 | heap=7700K rssi=-57 op=idle fg=0 http=0 upl_q=0 boot=1","up":251007,"boot":1} || [2] [pending] {"seq":152,"area":"ota_orch","code":0,"detail":"lcd_proxy_start ver=6.1.670 t=10890 | heap=7700K rssi=-58 op=idle fg=0 http=0 upl_q=0 boot=1","up":10912,"boot":1} || [3] [pending] {"seq":151,"area":"ota_orch","code":0,"detail":"lcd_query_ok lcd_fw=6.1.669 t=10859 | heap=7700K rssi=-58 op=idle fg=0 http=0 upl_q=0 boot=1","up":10881,"boot":1} || [4] [pending] {"seq":150,"area":"ota_orch","code":0,"detail":"lcd_query_tx t=10094 link_recent=0 | heap=7700K rssi=-58 op=idle fg=0 http=0 upl_q=0 boot=1","up":10115,"boot":1} || [5] [pending] {"seq":149,"area":"ota_orch","code":0,"detail":"reason=mqtt_cmd manual=1 t=9067 | heap=7680K rssi=-57 op=idle fg=0 http=0 upl_q=0 boot=1","up":9088,"boot":1} || [6] [pending] {"seq":148,"area":"ota_orch","code":0,"detail":"sense_apply_start ver=6.1.669 lcd_due=0 t=247382 | heap=7701K rssi=-57 op=idle fg=0 http=0 upl_q=0 boot=1","up":247404,"boot":1} || [7] [pending] {"seq":147,"area":"ota_orch","code":0,"detail":"lcd_proxy_done res=success t=247340 | heap=7700K rssi=-57 op=idle fg=0 http=0 upl_q=0 boot=1","up":247362,"boot":1}
[2026-06-02 05:38:23] --- CYCLE 19  target=6.1.671 (prev_published=6.1.670) ---
[2026-06-02 05:38:23]   publish 6.1.671 ...
[2026-06-02 05:40:15]   publish done sense_manifest=6.1.671 lcd_manifest=6.1.671 ok=True
[2026-06-02 05:40:32]   trigger: injected INPUT_OTA_CHECK x3 (reason=overnight_c19)
[2026-06-02 05:40:32]   CYCLE 19 triggered; polling cloud for Sense->6.1.671
[2026-06-02 05:41:34]   CYCLE 19 Sense reached 6.1.671; reading LCD ground truth
[2026-06-02 05:42:13]   CYCLE 19 ❌ FAIL  LCD={'version': '6.1.670', 'part': 'app1', 'state': 'VALID', 'raw': '[FW] {"lcd_fw":"6.1.670","running_part":"app1","running_state":"VALID","boot_part":"app1","next_part":"app0"}'}  (212s)  [pass=15 fail=4]
[2026-06-02 05:42:13]   breadcrumbs: 
[2026-06-02 05:42:13] --- CYCLE 20  target=6.1.672 (prev_published=6.1.671) ---
[2026-06-02 05:42:13]   publish 6.1.672 ...
[2026-06-02 05:44:04]   publish done sense_manifest=6.1.672 lcd_manifest=6.1.672 ok=True
[2026-06-02 05:44:21]   trigger: injected INPUT_OTA_CHECK x3 (reason=overnight_c20)
[2026-06-02 05:44:21]   CYCLE 20 triggered; polling cloud for Sense->6.1.672
[2026-06-02 05:49:10]   CYCLE 20 Sense reached 6.1.672; reading LCD ground truth
[2026-06-02 05:49:28]   CYCLE 20 ✅ PASS  LCD=6.1.672 part=None state=None  (435s)  [pass=16 fail=4]
[2026-06-02 05:49:28] --- CYCLE 21  target=6.1.673 (prev_published=6.1.672) ---
[2026-06-02 05:49:28]   publish 6.1.673 ...
[2026-06-02 05:51:19]   publish done sense_manifest=6.1.673 lcd_manifest=6.1.673 ok=True
[2026-06-02 05:51:36]   trigger: injected INPUT_OTA_CHECK x3 (reason=overnight_c21)
[2026-06-02 05:51:36]   CYCLE 21 triggered; polling cloud for Sense->6.1.673
[2026-06-02 05:56:25]   CYCLE 21 Sense reached 6.1.673; reading LCD ground truth
[2026-06-02 05:56:43]   CYCLE 21 ✅ PASS  LCD=6.1.673 part=app1 state=VALID  (434s)  [pass=17 fail=4]
[2026-06-02 05:56:43] --- CYCLE 22  target=6.1.674 (prev_published=6.1.673) ---
[2026-06-02 05:56:43]   publish 6.1.674 ...
