[2026-06-02 05:58:37] ======================================================================
[2026-06-02 05:58:37] OVERNIGHT OTA SOAK START  base_version=6.1.673
[2026-06-02 05:58:37]   STOP file to halt: /Users/MattTaylor/Documents/Arduino/HALOMAIN_rev1p5_modular/automation/overnight_STOP
[2026-06-02 05:58:37] ======================================================================
[2026-06-02 05:58:37] --- CYCLE 1  target=6.1.674 (prev_published=6.1.673) ---
[2026-06-02 05:58:37]   publish 6.1.674 ...
[2026-06-02 06:00:27]   publish done sense_manifest=6.1.674 lcd_manifest=6.1.674 ok=True
[2026-06-02 06:00:27]   settle 25s for S3 manifest consistency before trigger
[2026-06-02 06:01:09]   trigger: injected INPUT_OTA_CHECK x3 (reason=overnight_c1)
[2026-06-02 06:01:09]   CYCLE 1 triggered; polling cloud for Sense->6.1.674
[2026-06-02 06:05:58]   CYCLE 1 Sense reached 6.1.674; reading LCD ground truth
[2026-06-02 06:06:16]   CYCLE 1 ✅ PASS  LCD=6.1.674 part=app0 state=VALID  (459s)  [pass=1 fail=0]
[2026-06-02 06:06:16] --- CYCLE 2  target=6.1.675 (prev_published=6.1.674) ---
[2026-06-02 06:06:16]   publish 6.1.675 ...
[2026-06-02 06:08:05]   publish done sense_manifest=6.1.675 lcd_manifest=6.1.675 ok=True
[2026-06-02 06:08:05]   settle 25s for S3 manifest consistency before trigger
[2026-06-02 06:08:47]   trigger: injected INPUT_OTA_CHECK x3 (reason=overnight_c2)
[2026-06-02 06:08:47]   CYCLE 2 triggered; polling cloud for Sense->6.1.675
[2026-06-02 06:10:10]   CYCLE 2 Sense reached 6.1.675; reading LCD ground truth
[2026-06-02 06:10:53]   CYCLE 2 ❌ FAIL  LCD={'version': '6.1.674', 'part': 'app0', 'state': 'VALID', 'raw': '[FW] {"lcd_fw":"6.1.674","running_part":"app0","running_state":"VALID","boot_part":"app0","next_part":"app1"}'}  (259s)  [pass=1 fail=1]
[2026-06-02 06:10:53]   breadcrumbs: 
[2026-06-02 06:10:53] --- CYCLE 3  target=6.1.676 (prev_published=6.1.675) ---
[2026-06-02 06:10:53]   publish 6.1.676 ...
[2026-06-02 06:12:44]   publish done sense_manifest=6.1.676 lcd_manifest=6.1.676 ok=True
[2026-06-02 06:12:44]   settle 25s for S3 manifest consistency before trigger
[2026-06-02 06:13:26]   trigger: injected INPUT_OTA_CHECK x3 (reason=overnight_c3)
[2026-06-02 06:13:26]   CYCLE 3 triggered; polling cloud for Sense->6.1.676
[2026-06-02 06:18:15]   CYCLE 3 Sense reached 6.1.676; reading LCD ground truth
[2026-06-02 06:18:52]   CYCLE 3 ❌ FAIL  LCD=None  (459s)  [pass=1 fail=2]
[2026-06-02 06:18:52]   breadcrumbs: [0] [pending] {"seq":190,"area":"ota_orch","code":0,"detail":"sense_apply_start ver=6.1.676 lcd_due=0 t=247729 | heap=7701K rssi=-56 op=idle fg=0 http=0 upl_q=0 boot=1","up":247752,"boot":1} || [1] [pending] {"seq":189,"area":"ota_orch","code":0,"detail":"lcd_proxy_done res=success t=247688 | heap=7699K rssi=-56 op=idle fg=0 http=0 upl_q=0 boot=1","up":247710,"boot":1} || [2] [pending] {"seq":188,"area":"ota_orch","code":0,"detail":"lcd_proxy_start ver=6.1.676 t=13923 | heap=7700K rssi=-56 op=idle fg=0 http=0 upl_q=0 boot=1","up":13945,"boot":1} || [3] [pending] {"seq":187,"area":"ota_orch","code":0,"detail":"lcd_query_ok lcd_fw=6.1.674 t=13892 | heap=7698K rssi=-56 op=idle fg=0 http=0 upl_q=0 boot=1","up":13913,"boot":1} || [4] [pending] {"seq":186,"area":"ota_orch","code":0,"detail":"lcd_query_tx t=10421 link_recent=0 | heap=7698K rssi=-56 op=idle fg=0 http=0 upl_q=0 boot=1","up":10443,"boot":1} || [5] [pending] {"seq":185,"area":"ota_orch","code":0,"detail":"reason=mqtt_cmd manual=1 t=9089 | heap=7678K rssi=-58 op=idle fg=0 http=0 upl_q=0 boot=1","up":9110,"boot":1} || [6] [pending] {"seq":184,"area":"ota_orch","code":0,"detail":"sense_apply_start ver=6.1.675 lcd_due=1 t=23492 | heap=7698K rssi=-57 op=idle fg=0 http=0 upl_q=0 boot=1","up":23514,"boot":1} || [7] [pending] {"seq":183,"area":"ota_orch","code":0,"detail":"lcd_proxy_done res=timeout t=23465 | heap=7700K rssi=-57 op=idle fg=0 http=0 upl_q=0 boot=1","up":23487,"boot":1}
[2026-06-02 06:18:52] --- CYCLE 4  target=6.1.677 (prev_published=6.1.676) ---
[2026-06-02 06:18:52]   publish 6.1.677 ...
[2026-06-02 06:20:44]   publish done sense_manifest=6.1.677 lcd_manifest=6.1.677 ok=True
[2026-06-02 06:20:44]   settle 25s for S3 manifest consistency before trigger
[2026-06-02 06:21:25]   trigger: injected INPUT_OTA_CHECK x3 (reason=overnight_c4)
[2026-06-02 06:21:25]   CYCLE 4 triggered; polling cloud for Sense->6.1.677
[2026-06-02 06:22:48]   CYCLE 4 Sense reached 6.1.677; reading LCD ground truth
[2026-06-02 06:23:28]   CYCLE 4 ❌ FAIL  LCD={'version': '6.1.676', 'part': 'app1', 'state': 'VALID', 'raw': '[FW] {"lcd_fw":"6.1.676","running_part":"app1","running_state":"VALID","boot_part":"app1","next_part":"app0"}'}  (257s)  [pass=1 fail=3]
[2026-06-02 06:23:28]   breadcrumbs: [0] [pending] {"seq":196,"area":"ota_orch","code":0,"detail":"sense_apply_start ver=6.1.677 lcd_due=1 t=21117 | heap=7698K rssi=-56 op=idle fg=0 http=0 upl_q=0 boot=1","up":21139,"boot":1} || [1] [pending] {"seq":195,"area":"ota_orch","code":0,"detail":"lcd_proxy_done res=timeout t=21090 | heap=7700K rssi=-56 op=idle fg=0 http=0 upl_q=0 boot=1","up":21111,"boot":1} || [2] [pending] {"seq":194,"area":"ota_orch","code":0,"detail":"lcd_proxy_start ver=6.1.677 t=10921 | heap=7700K rssi=-58 op=idle fg=0 http=0 upl_q=0 boot=1","up":10943,"boot":1} || [3] [pending] {"seq":193,"area":"ota_orch","code":0,"detail":"lcd_query_ok lcd_fw=6.1.676 t=10890 | heap=7700K rssi=-58 op=idle fg=0 http=0 upl_q=0 boot=1","up":10911,"boot":1} || [4] [pending] {"seq":192,"area":"ota_orch","code":0,"detail":"lcd_query_tx t=10119 link_recent=0 | heap=7700K rssi=-56 op=idle fg=0 http=0 upl_q=0 boot=1","up":10140,"boot":1} || [5] [pending] {"seq":191,"area":"ota_orch","code":0,"detail":"reason=mqtt_cmd manual=1 t=9086 | heap=7678K rssi=-56 op=idle fg=0 http=0 upl_q=0 boot=1","up":9107,"boot":1} || [6] [pending] {"seq":190,"area":"ota_orch","code":0,"detail":"sense_apply_start ver=6.1.676 lcd_due=0 t=247729 | heap=7701K rssi=-56 op=idle fg=0 http=0 upl_q=0 boot=1","up":247752,"boot":1} || [7] [pending] {"seq":189,"area":"ota_orch","code":0,"detail":"lcd_proxy_done res=success t=247688 | heap=7699K rssi=-56 op=idle fg=0 http=0 upl_q=0 boot=1","up":247710,"boot":1}
[2026-06-02 06:23:28] --- CYCLE 5  target=6.1.678 (prev_published=6.1.677) ---
[2026-06-02 06:23:28]   publish 6.1.678 ...
[2026-06-02 06:25:18]   publish done sense_manifest=6.1.678 lcd_manifest=6.1.678 ok=True
[2026-06-02 06:25:18]   settle 25s for S3 manifest consistency before trigger
[2026-06-02 06:26:00]   trigger: injected INPUT_OTA_CHECK x3 (reason=overnight_c5)
[2026-06-02 06:26:00]   CYCLE 5 triggered; polling cloud for Sense->6.1.678
[2026-06-02 06:30:49]   CYCLE 5 Sense reached 6.1.678; reading LCD ground truth
[2026-06-02 06:31:10]   CYCLE 5 ✅ PASS  LCD=6.1.678 part=app0 state=VALID  (461s)  [pass=2 fail=3]
[2026-06-02 06:31:10] --- CYCLE 6  target=6.1.679 (prev_published=6.1.678) ---
[2026-06-02 06:31:10]   publish 6.1.679 ...
