[2026-06-02 03:01:58] ======================================================================
[2026-06-02 03:01:58] OVERNIGHT OTA SOAK START  base_version=6.1.649
[2026-06-02 03:01:58]   STOP file to halt: /Users/MattTaylor/Documents/Arduino/HALOMAIN_rev1p5_modular/automation/overnight_STOP
[2026-06-02 03:01:58] ======================================================================
[2026-06-02 03:01:58] --- CYCLE 1  target=6.1.650 (prev_published=6.1.649) ---
[2026-06-02 03:01:58]   publish 6.1.650 ...
[2026-06-02 03:04:05]   publish done sense_manifest=6.1.650 lcd_manifest=6.1.650 ok=True
[2026-06-02 03:04:23]   trigger: injected INPUT_OTA_CHECK (reason=overnight_c1)
[2026-06-02 03:04:23]   CYCLE 1 triggered; polling cloud for Sense->6.1.650
[2026-06-02 03:05:46]   CYCLE 1 Sense reached 6.1.650; reading LCD ground truth
[2026-06-02 03:06:25]   CYCLE 1 ❌ FAIL  LCD={'version': '6.1.649', 'part': 'app1', 'state': 'VALID', 'raw': '[FW] {"lcd_fw":"6.1.649","running_part":"app1","running_state":"VALID","boot_part":"app1","next_part":"app0"}'}  (249s)  [pass=0 fail=1]
[2026-06-02 03:06:25]   breadcrumbs: [0] [pending] {"seq":34,"area":"ota_orch","code":0,"detail":"sense_apply_start ver=6.1.650 lcd_due=1 t=23805 | heap=7698K rssi=-56 op=idle fg=0 http=0 upl_q=0 boot=1","up":23828,"boot":1} || [1] [pending] {"seq":33,"area":"ota_orch","code":0,"detail":"lcd_proxy_done res=timeout t=23778 | heap=7700K rssi=-56 op=idle fg=0 http=0 upl_q=0 boot=1","up":23800,"boot":1} || [2] [pending] {"seq":32,"area":"ota_orch","code":0,"detail":"lcd_proxy_start ver=6.1.650 t=13721 | heap=7700K rssi=-57 op=idle fg=0 http=0 upl_q=0 boot=1","up":13743,"boot":1} || [3] [pending] {"seq":31,"area":"ota_orch","code":0,"detail":"lcd_query_ok lcd_fw=6.1.649 t=13690 | heap=7697K rssi=-57 op=idle fg=0 http=0 upl_q=0 boot=1","up":13712,"boot":1} || [4] [pending] {"seq":30,"area":"ota_orch","code":0,"detail":"lcd_query_tx t=12811 link_recent=0 | heap=7700K rssi=-59 op=idle fg=0 http=0 upl_q=0 boot=1","up":12833,"boot":1} || [5] [pending] {"seq":29,"area":"ota_orch","code":0,"detail":"reason=mqtt_cmd manual=1 t=9055 | heap=7629K rssi=-57 op=list fg=0 http=0 upl_q=0 boot=1","up":9077,"boot":1} || [6] [pending] {"seq":28,"area":"ota_orch","code":0,"detail":"sense_apply_start ver=6.1.649 lcd_due=0 t=240887 | heap=7701K rssi=-59 op=idle fg=0 http=0 upl_q=0 boot=1","up":240909,"boot":1} || [7] [pending] {"seq":27,"area":"ota_orch","code":0,"detail":"lcd_proxy_done res=success t=240859 | heap=7700K rssi=-59 op=idle fg=0 http=0 upl_q=0 boot=1","up":240881,"boot":1}
[2026-06-02 03:06:25] --- CYCLE 2  target=6.1.651 (prev_published=6.1.650) ---
[2026-06-02 03:06:25]   publish 6.1.651 ...
[2026-06-02 03:08:04]   publish done sense_manifest=6.1.651 lcd_manifest=6.1.651 ok=True
[2026-06-02 03:08:21]   trigger: injected INPUT_OTA_CHECK (reason=overnight_c2)
[2026-06-02 03:08:21]   CYCLE 2 triggered; polling cloud for Sense->6.1.651
[2026-06-02 03:13:10]   CYCLE 2 Sense reached 6.1.651; reading LCD ground truth
[2026-06-02 03:13:31]   CYCLE 2 ✅ PASS  LCD=6.1.651 part=None state=None  (425s)  [pass=1 fail=1]
[2026-06-02 03:13:31] --- CYCLE 3  target=6.1.652 (prev_published=6.1.651) ---
[2026-06-02 03:13:31]   publish 6.1.652 ...
[2026-06-02 03:15:23]   publish done sense_manifest=6.1.652 lcd_manifest=6.1.652 ok=True
[2026-06-02 03:15:41]   trigger: injected INPUT_OTA_CHECK (reason=overnight_c3)
[2026-06-02 03:15:41]   CYCLE 3 triggered; polling cloud for Sense->6.1.652
